Archive member included to satisfy reference by file (symbol)

c:/program files (x86)/atollic/truestudio for stm32 9.3.0/armtools/bin/../lib/gcc/arm-atollic-eabi/6.3.1/../../../../arm-atollic-eabi/lib/armv6-m\libc_nano.a(lib_a-errno.o)
                              Core\Src\syscalls.o (__errno)
c:/program files (x86)/atollic/truestudio for stm32 9.3.0/armtools/bin/../lib/gcc/arm-atollic-eabi/6.3.1/../../../../arm-atollic-eabi/lib/armv6-m\libc_nano.a(lib_a-impure.o)
                              c:/program files (x86)/atollic/truestudio for stm32 9.3.0/armtools/bin/../lib/gcc/arm-atollic-eabi/6.3.1/../../../../arm-atollic-eabi/lib/armv6-m\libc_nano.a(lib_a-errno.o) (_impure_ptr)
c:/program files (x86)/atollic/truestudio for stm32 9.3.0/armtools/bin/../lib/gcc/arm-atollic-eabi/6.3.1/../../../../arm-atollic-eabi/lib/armv6-m\libc_nano.a(lib_a-init.o)
                              startup\startup_stm32l053xx.o (__libc_init_array)
c:/program files (x86)/atollic/truestudio for stm32 9.3.0/armtools/bin/../lib/gcc/arm-atollic-eabi/6.3.1/../../../../arm-atollic-eabi/lib/armv6-m\libc_nano.a(lib_a-memset.o)
                              Core\Src\main.o (memset)
c:/program files (x86)/atollic/truestudio for stm32 9.3.0/armtools/bin/../lib/gcc/arm-atollic-eabi/6.3.1/armv6-m\libgcc.a(_udivsi3.o)
                              Core\Src\main.o (__aeabi_uidiv)
c:/program files (x86)/atollic/truestudio for stm32 9.3.0/armtools/bin/../lib/gcc/arm-atollic-eabi/6.3.1/armv6-m\libgcc.a(_dvmd_tls.o)
                              c:/program files (x86)/atollic/truestudio for stm32 9.3.0/armtools/bin/../lib/gcc/arm-atollic-eabi/6.3.1/armv6-m\libgcc.a(_udivsi3.o) (__aeabi_idiv0)

Discarded input sections

 .text          0x00000000        0x0 c:/program files (x86)/atollic/truestudio for stm32 9.3.0/armtools/bin/../lib/gcc/arm-atollic-eabi/6.3.1/armv6-m/crti.o
 .data          0x00000000        0x0 c:/program files (x86)/atollic/truestudio for stm32 9.3.0/armtools/bin/../lib/gcc/arm-atollic-eabi/6.3.1/armv6-m/crti.o
 .bss           0x00000000        0x0 c:/program files (x86)/atollic/truestudio for stm32 9.3.0/armtools/bin/../lib/gcc/arm-atollic-eabi/6.3.1/armv6-m/crti.o
 .data          0x00000000        0x4 c:/program files (x86)/atollic/truestudio for stm32 9.3.0/armtools/bin/../lib/gcc/arm-atollic-eabi/6.3.1/armv6-m/crtbegin.o
 .text          0x00000000        0x0 Core\Src\main.o
 .data          0x00000000        0x0 Core\Src\main.o
 .bss           0x00000000        0x0 Core\Src\main.o
 .rodata.CHANNEL_OFFSET_TAB
                0x00000000        0x7 Core\Src\main.o
 .text.Error_Handler
                0x00000000        0x8 Core\Src\main.o
 .text          0x00000000        0x0 Core\Src\stm32l0xx_it.o
 .data          0x00000000        0x0 Core\Src\stm32l0xx_it.o
 .bss           0x00000000        0x0 Core\Src\stm32l0xx_it.o
 .rodata.CHANNEL_OFFSET_TAB
                0x00000000        0x7 Core\Src\stm32l0xx_it.o
 .text          0x00000000        0x0 Core\Src\syscalls.o
 .data          0x00000000        0x0 Core\Src\syscalls.o
 .bss           0x00000000        0x0 Core\Src\syscalls.o
 .bss.__env     0x00000000        0x4 Core\Src\syscalls.o
 .data.environ  0x00000000        0x4 Core\Src\syscalls.o
 .text.initialise_monitor_handles
                0x00000000        0xa Core\Src\syscalls.o
 .text._getpid  0x00000000        0xc Core\Src\syscalls.o
 .text._kill    0x00000000       0x20 Core\Src\syscalls.o
 .text._exit    0x00000000       0x18 Core\Src\syscalls.o
 .text._read    0x00000000       0x3a Core\Src\syscalls.o
 .text._write   0x00000000       0x38 Core\Src\syscalls.o
 .bss.heap_end.5887
                0x00000000        0x4 Core\Src\syscalls.o
 .text._sbrk    0x00000000       0x58 Core\Src\syscalls.o
 .text._close   0x00000000       0x14 Core\Src\syscalls.o
 .text._fstat   0x00000000       0x1c Core\Src\syscalls.o
 .text._isatty  0x00000000       0x12 Core\Src\syscalls.o
 .text._lseek   0x00000000       0x16 Core\Src\syscalls.o
 .text._open    0x00000000       0x1c Core\Src\syscalls.o
 .text._wait    0x00000000       0x1e Core\Src\syscalls.o
 .text._unlink  0x00000000       0x1e Core\Src\syscalls.o
 .text._times   0x00000000       0x14 Core\Src\syscalls.o
 .text._stat    0x00000000       0x1c Core\Src\syscalls.o
 .text._link    0x00000000       0x20 Core\Src\syscalls.o
 .text._fork    0x00000000       0x18 Core\Src\syscalls.o
 .text._execve  0x00000000       0x22 Core\Src\syscalls.o
 .debug_info    0x00000000      0xf16 Core\Src\syscalls.o
 .debug_abbrev  0x00000000      0x271 Core\Src\syscalls.o
 .debug_aranges
                0x00000000       0xb0 Core\Src\syscalls.o
 .debug_ranges  0x00000000       0xa0 Core\Src\syscalls.o
 .debug_line    0x00000000      0x3dd Core\Src\syscalls.o
 .debug_str     0x00000000      0x84d Core\Src\syscalls.o
 .comment       0x00000000       0x7d Core\Src\syscalls.o
 .debug_frame   0x00000000      0x264 Core\Src\syscalls.o
 .ARM.attributes
                0x00000000       0x32 Core\Src\syscalls.o
 .text          0x00000000        0x0 Core\Src\system_stm32l0xx.o
 .data          0x00000000        0x0 Core\Src\system_stm32l0xx.o
 .bss           0x00000000        0x0 Core\Src\system_stm32l0xx.o
 .text.SystemCoreClockUpdate
                0x00000000      0x140 Core\Src\system_stm32l0xx.o
 .text          0x00000000        0x0 Drivers\STM32L0xx_HAL_Driver\Src\stm32l0xx_ll_dma.o
 .data          0x00000000        0x0 Drivers\STM32L0xx_HAL_Driver\Src\stm32l0xx_ll_dma.o
 .bss           0x00000000        0x0 Drivers\STM32L0xx_HAL_Driver\Src\stm32l0xx_ll_dma.o
 .rodata.CHANNEL_OFFSET_TAB
                0x00000000        0x7 Drivers\STM32L0xx_HAL_Driver\Src\stm32l0xx_ll_dma.o
 .text.LL_DMA_ConfigTransfer
                0x00000000       0x44 Drivers\STM32L0xx_HAL_Driver\Src\stm32l0xx_ll_dma.o
 .text.LL_DMA_SetDataLength
                0x00000000       0x40 Drivers\STM32L0xx_HAL_Driver\Src\stm32l0xx_ll_dma.o
 .text.LL_DMA_SetMemoryAddress
                0x00000000       0x2c Drivers\STM32L0xx_HAL_Driver\Src\stm32l0xx_ll_dma.o
 .text.LL_DMA_SetPeriphAddress
                0x00000000       0x2c Drivers\STM32L0xx_HAL_Driver\Src\stm32l0xx_ll_dma.o
 .text.LL_DMA_SetPeriphRequest
                0x00000000       0x4c Drivers\STM32L0xx_HAL_Driver\Src\stm32l0xx_ll_dma.o
 .text.LL_DMA_ClearFlag_GI1
                0x00000000       0x16 Drivers\STM32L0xx_HAL_Driver\Src\stm32l0xx_ll_dma.o
 .text.LL_DMA_ClearFlag_GI2
                0x00000000       0x16 Drivers\STM32L0xx_HAL_Driver\Src\stm32l0xx_ll_dma.o
 .text.LL_DMA_ClearFlag_GI3
                0x00000000       0x18 Drivers\STM32L0xx_HAL_Driver\Src\stm32l0xx_ll_dma.o
 .text.LL_DMA_ClearFlag_GI4
                0x00000000       0x18 Drivers\STM32L0xx_HAL_Driver\Src\stm32l0xx_ll_dma.o
 .text.LL_DMA_ClearFlag_GI5
                0x00000000       0x18 Drivers\STM32L0xx_HAL_Driver\Src\stm32l0xx_ll_dma.o
 .text.LL_DMA_ClearFlag_GI6
                0x00000000       0x18 Drivers\STM32L0xx_HAL_Driver\Src\stm32l0xx_ll_dma.o
 .text.LL_DMA_ClearFlag_GI7
                0x00000000       0x18 Drivers\STM32L0xx_HAL_Driver\Src\stm32l0xx_ll_dma.o
 .text.LL_AHB1_GRP1_ForceReset
                0x00000000       0x20 Drivers\STM32L0xx_HAL_Driver\Src\stm32l0xx_ll_dma.o
 .text.LL_AHB1_GRP1_ReleaseReset
                0x00000000       0x24 Drivers\STM32L0xx_HAL_Driver\Src\stm32l0xx_ll_dma.o
 .text.LL_DMA_DeInit
                0x00000000      0x194 Drivers\STM32L0xx_HAL_Driver\Src\stm32l0xx_ll_dma.o
 .text.LL_DMA_Init
                0x00000000       0x80 Drivers\STM32L0xx_HAL_Driver\Src\stm32l0xx_ll_dma.o
 .text.LL_DMA_StructInit
                0x00000000       0x52 Drivers\STM32L0xx_HAL_Driver\Src\stm32l0xx_ll_dma.o
 .debug_info    0x00000000      0x724 Drivers\STM32L0xx_HAL_Driver\Src\stm32l0xx_ll_dma.o
 .debug_abbrev  0x00000000      0x1a8 Drivers\STM32L0xx_HAL_Driver\Src\stm32l0xx_ll_dma.o
 .debug_aranges
                0x00000000       0xa0 Drivers\STM32L0xx_HAL_Driver\Src\stm32l0xx_ll_dma.o
 .debug_ranges  0x00000000       0x90 Drivers\STM32L0xx_HAL_Driver\Src\stm32l0xx_ll_dma.o
 .debug_line    0x00000000      0x3ff Drivers\STM32L0xx_HAL_Driver\Src\stm32l0xx_ll_dma.o
 .debug_str     0x00000000      0x5a7 Drivers\STM32L0xx_HAL_Driver\Src\stm32l0xx_ll_dma.o
 .comment       0x00000000       0x7d Drivers\STM32L0xx_HAL_Driver\Src\stm32l0xx_ll_dma.o
 .debug_frame   0x00000000      0x230 Drivers\STM32L0xx_HAL_Driver\Src\stm32l0xx_ll_dma.o
 .ARM.attributes
                0x00000000       0x32 Drivers\STM32L0xx_HAL_Driver\Src\stm32l0xx_ll_dma.o
 .text          0x00000000        0x0 Drivers\STM32L0xx_HAL_Driver\Src\stm32l0xx_ll_exti.o
 .data          0x00000000        0x0 Drivers\STM32L0xx_HAL_Driver\Src\stm32l0xx_ll_exti.o
 .bss           0x00000000        0x0 Drivers\STM32L0xx_HAL_Driver\Src\stm32l0xx_ll_exti.o
 .text.LL_EXTI_DeInit
                0x00000000       0x3c Drivers\STM32L0xx_HAL_Driver\Src\stm32l0xx_ll_exti.o
 .text.LL_EXTI_StructInit
                0x00000000       0x28 Drivers\STM32L0xx_HAL_Driver\Src\stm32l0xx_ll_exti.o
 .text          0x00000000        0x0 Drivers\STM32L0xx_HAL_Driver\Src\stm32l0xx_ll_gpio.o
 .data          0x00000000        0x0 Drivers\STM32L0xx_HAL_Driver\Src\stm32l0xx_ll_gpio.o
 .bss           0x00000000        0x0 Drivers\STM32L0xx_HAL_Driver\Src\stm32l0xx_ll_gpio.o
 .text.LL_IOP_GRP1_ForceReset
                0x00000000       0x20 Drivers\STM32L0xx_HAL_Driver\Src\stm32l0xx_ll_gpio.o
 .text.LL_IOP_GRP1_ReleaseReset
                0x00000000       0x24 Drivers\STM32L0xx_HAL_Driver\Src\stm32l0xx_ll_gpio.o
 .text.LL_GPIO_DeInit
                0x00000000       0xa8 Drivers\STM32L0xx_HAL_Driver\Src\stm32l0xx_ll_gpio.o
 .text.LL_GPIO_StructInit
                0x00000000       0x38 Drivers\STM32L0xx_HAL_Driver\Src\stm32l0xx_ll_gpio.o
 .text          0x00000000        0x0 Drivers\STM32L0xx_HAL_Driver\Src\stm32l0xx_ll_pwr.o
 .data          0x00000000        0x0 Drivers\STM32L0xx_HAL_Driver\Src\stm32l0xx_ll_pwr.o
 .bss           0x00000000        0x0 Drivers\STM32L0xx_HAL_Driver\Src\stm32l0xx_ll_pwr.o
 .text.LL_APB1_GRP1_ForceReset
                0x00000000       0x20 Drivers\STM32L0xx_HAL_Driver\Src\stm32l0xx_ll_pwr.o
 .text.LL_APB1_GRP1_ReleaseReset
                0x00000000       0x24 Drivers\STM32L0xx_HAL_Driver\Src\stm32l0xx_ll_pwr.o
 .text.LL_PWR_DeInit
                0x00000000       0x20 Drivers\STM32L0xx_HAL_Driver\Src\stm32l0xx_ll_pwr.o
 .debug_info    0x00000000      0x2bb Drivers\STM32L0xx_HAL_Driver\Src\stm32l0xx_ll_pwr.o
 .debug_abbrev  0x00000000      0x10f Drivers\STM32L0xx_HAL_Driver\Src\stm32l0xx_ll_pwr.o
 .debug_aranges
                0x00000000       0x30 Drivers\STM32L0xx_HAL_Driver\Src\stm32l0xx_ll_pwr.o
 .debug_ranges  0x00000000       0x20 Drivers\STM32L0xx_HAL_Driver\Src\stm32l0xx_ll_pwr.o
 .debug_line    0x00000000      0x212 Drivers\STM32L0xx_HAL_Driver\Src\stm32l0xx_ll_pwr.o
 .debug_str     0x00000000      0x306 Drivers\STM32L0xx_HAL_Driver\Src\stm32l0xx_ll_pwr.o
 .comment       0x00000000       0x7d Drivers\STM32L0xx_HAL_Driver\Src\stm32l0xx_ll_pwr.o
 .debug_frame   0x00000000       0x6c Drivers\STM32L0xx_HAL_Driver\Src\stm32l0xx_ll_pwr.o
 .ARM.attributes
                0x00000000       0x32 Drivers\STM32L0xx_HAL_Driver\Src\stm32l0xx_ll_pwr.o
 .text          0x00000000        0x0 Drivers\STM32L0xx_HAL_Driver\Src\stm32l0xx_ll_rcc.o
 .data          0x00000000        0x0 Drivers\STM32L0xx_HAL_Driver\Src\stm32l0xx_ll_rcc.o
 .bss           0x00000000        0x0 Drivers\STM32L0xx_HAL_Driver\Src\stm32l0xx_ll_rcc.o
 .text.LL_RCC_HSE_DisableBypass
                0x00000000       0x20 Drivers\STM32L0xx_HAL_Driver\Src\stm32l0xx_ll_rcc.o
 .text.LL_RCC_HSI_SetCalibTrimming
                0x00000000       0x2c Drivers\STM32L0xx_HAL_Driver\Src\stm32l0xx_ll_rcc.o
 .text.LL_RCC_HSI48_IsReady
                0x00000000       0x20 Drivers\STM32L0xx_HAL_Driver\Src\stm32l0xx_ll_rcc.o
 .text.LL_RCC_LSI_IsReady
                0x00000000       0x20 Drivers\STM32L0xx_HAL_Driver\Src\stm32l0xx_ll_rcc.o
 .text.LL_RCC_MSI_Enable
                0x00000000       0x1c Drivers\STM32L0xx_HAL_Driver\Src\stm32l0xx_ll_rcc.o
 .text.LL_RCC_MSI_IsReady
                0x00000000       0x28 Drivers\STM32L0xx_HAL_Driver\Src\stm32l0xx_ll_rcc.o
 .text.LL_RCC_MSI_SetRange
                0x00000000       0x28 Drivers\STM32L0xx_HAL_Driver\Src\stm32l0xx_ll_rcc.o
 .text.LL_RCC_MSI_SetCalibTrimming
                0x00000000       0x28 Drivers\STM32L0xx_HAL_Driver\Src\stm32l0xx_ll_rcc.o
 .text.LL_RCC_GetLPUARTClockSource
                0x00000000       0x1c Drivers\STM32L0xx_HAL_Driver\Src\stm32l0xx_ll_rcc.o
 .text.LL_RCC_GetI2CClockSource
                0x00000000       0x24 Drivers\STM32L0xx_HAL_Driver\Src\stm32l0xx_ll_rcc.o
 .text.LL_RCC_GetLPTIMClockSource
                0x00000000       0x1c Drivers\STM32L0xx_HAL_Driver\Src\stm32l0xx_ll_rcc.o
 .text.LL_RCC_GetUSBClockSource
                0x00000000       0x1c Drivers\STM32L0xx_HAL_Driver\Src\stm32l0xx_ll_rcc.o
 .text.LL_RCC_PLL_IsReady
                0x00000000       0x28 Drivers\STM32L0xx_HAL_Driver\Src\stm32l0xx_ll_rcc.o
 .text.LL_RCC_ClearResetFlags
                0x00000000       0x1c Drivers\STM32L0xx_HAL_Driver\Src\stm32l0xx_ll_rcc.o
 .text.LL_RCC_DeInit
                0x00000000       0xb4 Drivers\STM32L0xx_HAL_Driver\Src\stm32l0xx_ll_rcc.o
 .text.LL_RCC_GetSystemClocksFreq
                0x00000000       0x4a Drivers\STM32L0xx_HAL_Driver\Src\stm32l0xx_ll_rcc.o
 .text.LL_RCC_GetI2CClockFreq
                0x00000000       0x8c Drivers\STM32L0xx_HAL_Driver\Src\stm32l0xx_ll_rcc.o
 .text.LL_RCC_GetLPUARTClockFreq
                0x00000000       0x98 Drivers\STM32L0xx_HAL_Driver\Src\stm32l0xx_ll_rcc.o
 .text.LL_RCC_GetLPTIMClockFreq
                0x00000000       0xac Drivers\STM32L0xx_HAL_Driver\Src\stm32l0xx_ll_rcc.o
 .text.LL_RCC_GetUSBClockFreq
                0x00000000       0x4c Drivers\STM32L0xx_HAL_Driver\Src\stm32l0xx_ll_rcc.o
 .text          0x00000000        0x0 Drivers\STM32L0xx_HAL_Driver\Src\stm32l0xx_ll_usart.o
 .data          0x00000000        0x0 Drivers\STM32L0xx_HAL_Driver\Src\stm32l0xx_ll_usart.o
 .bss           0x00000000        0x0 Drivers\STM32L0xx_HAL_Driver\Src\stm32l0xx_ll_usart.o
 .text.LL_USART_DisableSCLKOutput
                0x00000000       0x20 Drivers\STM32L0xx_HAL_Driver\Src\stm32l0xx_ll_usart.o
 .text.LL_APB1_GRP1_ForceReset
                0x00000000       0x20 Drivers\STM32L0xx_HAL_Driver\Src\stm32l0xx_ll_usart.o
 .text.LL_APB1_GRP1_ReleaseReset
                0x00000000       0x24 Drivers\STM32L0xx_HAL_Driver\Src\stm32l0xx_ll_usart.o
 .text.LL_APB2_GRP1_ForceReset
                0x00000000       0x20 Drivers\STM32L0xx_HAL_Driver\Src\stm32l0xx_ll_usart.o
 .text.LL_APB2_GRP1_ReleaseReset
                0x00000000       0x24 Drivers\STM32L0xx_HAL_Driver\Src\stm32l0xx_ll_usart.o
 .text.LL_USART_DeInit
                0x00000000       0x6c Drivers\STM32L0xx_HAL_Driver\Src\stm32l0xx_ll_usart.o
 .text.LL_USART_StructInit
                0x00000000       0x3c Drivers\STM32L0xx_HAL_Driver\Src\stm32l0xx_ll_usart.o
 .text.LL_USART_ClockInit
                0x00000000       0x70 Drivers\STM32L0xx_HAL_Driver\Src\stm32l0xx_ll_usart.o
 .text.LL_USART_ClockStructInit
                0x00000000       0x28 Drivers\STM32L0xx_HAL_Driver\Src\stm32l0xx_ll_usart.o
 .text          0x00000000        0x0 Drivers\STM32L0xx_HAL_Driver\Src\stm32l0xx_ll_utils.o
 .data          0x00000000        0x0 Drivers\STM32L0xx_HAL_Driver\Src\stm32l0xx_ll_utils.o
 .bss           0x00000000        0x0 Drivers\STM32L0xx_HAL_Driver\Src\stm32l0xx_ll_utils.o
 .text.LL_RCC_HSE_EnableBypass
                0x00000000       0x1c Drivers\STM32L0xx_HAL_Driver\Src\stm32l0xx_ll_utils.o
 .text.LL_RCC_HSE_DisableBypass
                0x00000000       0x20 Drivers\STM32L0xx_HAL_Driver\Src\stm32l0xx_ll_utils.o
 .text.LL_RCC_HSE_Enable
                0x00000000       0x1c Drivers\STM32L0xx_HAL_Driver\Src\stm32l0xx_ll_utils.o
 .text.LL_RCC_HSE_IsReady
                0x00000000       0x28 Drivers\STM32L0xx_HAL_Driver\Src\stm32l0xx_ll_utils.o
 .text.LL_RCC_HSI_Enable
                0x00000000       0x1c Drivers\STM32L0xx_HAL_Driver\Src\stm32l0xx_ll_utils.o
 .text.LL_RCC_HSI_IsReady
                0x00000000       0x20 Drivers\STM32L0xx_HAL_Driver\Src\stm32l0xx_ll_utils.o
 .text.LL_RCC_SetSysClkSource
                0x00000000       0x28 Drivers\STM32L0xx_HAL_Driver\Src\stm32l0xx_ll_utils.o
 .text.LL_RCC_GetSysClkSource
                0x00000000       0x18 Drivers\STM32L0xx_HAL_Driver\Src\stm32l0xx_ll_utils.o
 .text.LL_RCC_SetAHBPrescaler
                0x00000000       0x28 Drivers\STM32L0xx_HAL_Driver\Src\stm32l0xx_ll_utils.o
 .text.LL_RCC_SetAPB1Prescaler
                0x00000000       0x28 Drivers\STM32L0xx_HAL_Driver\Src\stm32l0xx_ll_utils.o
 .text.LL_RCC_SetAPB2Prescaler
                0x00000000       0x28 Drivers\STM32L0xx_HAL_Driver\Src\stm32l0xx_ll_utils.o
 .text.LL_RCC_PLL_Enable
                0x00000000       0x1c Drivers\STM32L0xx_HAL_Driver\Src\stm32l0xx_ll_utils.o
 .text.LL_RCC_PLL_IsReady
                0x00000000       0x28 Drivers\STM32L0xx_HAL_Driver\Src\stm32l0xx_ll_utils.o
 .text.LL_RCC_PLL_ConfigDomain_SYS
                0x00000000       0x34 Drivers\STM32L0xx_HAL_Driver\Src\stm32l0xx_ll_utils.o
 .text.LL_FLASH_SetLatency
                0x00000000       0x28 Drivers\STM32L0xx_HAL_Driver\Src\stm32l0xx_ll_utils.o
 .text.LL_FLASH_GetLatency
                0x00000000       0x18 Drivers\STM32L0xx_HAL_Driver\Src\stm32l0xx_ll_utils.o
 .text.LL_PWR_GetRegulVoltageScaling
                0x00000000       0x18 Drivers\STM32L0xx_HAL_Driver\Src\stm32l0xx_ll_utils.o
 .text.LL_mDelay
                0x00000000       0x44 Drivers\STM32L0xx_HAL_Driver\Src\stm32l0xx_ll_utils.o
 .text.LL_SetFlashLatency
                0x00000000       0xe8 Drivers\STM32L0xx_HAL_Driver\Src\stm32l0xx_ll_utils.o
 .text.LL_PLL_ConfigSystemClock_HSI
                0x00000000       0x88 Drivers\STM32L0xx_HAL_Driver\Src\stm32l0xx_ll_utils.o
 .text.LL_PLL_ConfigSystemClock_HSE
                0x00000000       0x9a Drivers\STM32L0xx_HAL_Driver\Src\stm32l0xx_ll_utils.o
 .text.UTILS_GetPLLOutputFrequency
                0x00000000       0x44 Drivers\STM32L0xx_HAL_Driver\Src\stm32l0xx_ll_utils.o
 .text.UTILS_PLL_IsBusy
                0x00000000       0x26 Drivers\STM32L0xx_HAL_Driver\Src\stm32l0xx_ll_utils.o
 .text.UTILS_EnablePLLAndSwitchSystem
                0x00000000       0xd4 Drivers\STM32L0xx_HAL_Driver\Src\stm32l0xx_ll_utils.o
 .text          0x00000000       0x14 startup\startup_stm32l053xx.o
 .data          0x00000000        0x0 startup\startup_stm32l053xx.o
 .bss           0x00000000        0x0 startup\startup_stm32l053xx.o
 .text          0x00000000        0x0 c:/program files (x86)/atollic/truestudio for stm32 9.3.0/armtools/bin/../lib/gcc/arm-atollic-eabi/6.3.1/../../../../arm-atollic-eabi/lib/armv6-m\libc_nano.a(lib_a-errno.o)
 .data          0x00000000        0x0 c:/program files (x86)/atollic/truestudio for stm32 9.3.0/armtools/bin/../lib/gcc/arm-atollic-eabi/6.3.1/../../../../arm-atollic-eabi/lib/armv6-m\libc_nano.a(lib_a-errno.o)
 .bss           0x00000000        0x0 c:/program files (x86)/atollic/truestudio for stm32 9.3.0/armtools/bin/../lib/gcc/arm-atollic-eabi/6.3.1/../../../../arm-atollic-eabi/lib/armv6-m\libc_nano.a(lib_a-errno.o)
 .text.__errno  0x00000000        0xc c:/program files (x86)/atollic/truestudio for stm32 9.3.0/armtools/bin/../lib/gcc/arm-atollic-eabi/6.3.1/../../../../arm-atollic-eabi/lib/armv6-m\libc_nano.a(lib_a-errno.o)
 .debug_frame   0x00000000       0x20 c:/program files (x86)/atollic/truestudio for stm32 9.3.0/armtools/bin/../lib/gcc/arm-atollic-eabi/6.3.1/../../../../arm-atollic-eabi/lib/armv6-m\libc_nano.a(lib_a-errno.o)
 .ARM.attributes
                0x00000000       0x2c c:/program files (x86)/atollic/truestudio for stm32 9.3.0/armtools/bin/../lib/gcc/arm-atollic-eabi/6.3.1/../../../../arm-atollic-eabi/lib/armv6-m\libc_nano.a(lib_a-errno.o)
 .text          0x00000000        0x0 c:/program files (x86)/atollic/truestudio for stm32 9.3.0/armtools/bin/../lib/gcc/arm-atollic-eabi/6.3.1/../../../../arm-atollic-eabi/lib/armv6-m\libc_nano.a(lib_a-impure.o)
 .data          0x00000000        0x0 c:/program files (x86)/atollic/truestudio for stm32 9.3.0/armtools/bin/../lib/gcc/arm-atollic-eabi/6.3.1/../../../../arm-atollic-eabi/lib/armv6-m\libc_nano.a(lib_a-impure.o)
 .bss           0x00000000        0x0 c:/program files (x86)/atollic/truestudio for stm32 9.3.0/armtools/bin/../lib/gcc/arm-atollic-eabi/6.3.1/../../../../arm-atollic-eabi/lib/armv6-m\libc_nano.a(lib_a-impure.o)
 .data._impure_ptr
                0x00000000        0x4 c:/program files (x86)/atollic/truestudio for stm32 9.3.0/armtools/bin/../lib/gcc/arm-atollic-eabi/6.3.1/../../../../arm-atollic-eabi/lib/armv6-m\libc_nano.a(lib_a-impure.o)
 .data.impure_data
                0x00000000       0x60 c:/program files (x86)/atollic/truestudio for stm32 9.3.0/armtools/bin/../lib/gcc/arm-atollic-eabi/6.3.1/../../../../arm-atollic-eabi/lib/armv6-m\libc_nano.a(lib_a-impure.o)
 .rodata._global_impure_ptr
                0x00000000        0x4 c:/program files (x86)/atollic/truestudio for stm32 9.3.0/armtools/bin/../lib/gcc/arm-atollic-eabi/6.3.1/../../../../arm-atollic-eabi/lib/armv6-m\libc_nano.a(lib_a-impure.o)
 .ARM.attributes
                0x00000000       0x2c c:/program files (x86)/atollic/truestudio for stm32 9.3.0/armtools/bin/../lib/gcc/arm-atollic-eabi/6.3.1/../../../../arm-atollic-eabi/lib/armv6-m\libc_nano.a(lib_a-impure.o)
 .text          0x00000000        0x0 c:/program files (x86)/atollic/truestudio for stm32 9.3.0/armtools/bin/../lib/gcc/arm-atollic-eabi/6.3.1/../../../../arm-atollic-eabi/lib/armv6-m\libc_nano.a(lib_a-init.o)
 .data          0x00000000        0x0 c:/program files (x86)/atollic/truestudio for stm32 9.3.0/armtools/bin/../lib/gcc/arm-atollic-eabi/6.3.1/../../../../arm-atollic-eabi/lib/armv6-m\libc_nano.a(lib_a-init.o)
 .bss           0x00000000        0x0 c:/program files (x86)/atollic/truestudio for stm32 9.3.0/armtools/bin/../lib/gcc/arm-atollic-eabi/6.3.1/../../../../arm-atollic-eabi/lib/armv6-m\libc_nano.a(lib_a-init.o)
 .text          0x00000000        0x0 c:/program files (x86)/atollic/truestudio for stm32 9.3.0/armtools/bin/../lib/gcc/arm-atollic-eabi/6.3.1/../../../../arm-atollic-eabi/lib/armv6-m\libc_nano.a(lib_a-memset.o)
 .data          0x00000000        0x0 c:/program files (x86)/atollic/truestudio for stm32 9.3.0/armtools/bin/../lib/gcc/arm-atollic-eabi/6.3.1/../../../../arm-atollic-eabi/lib/armv6-m\libc_nano.a(lib_a-memset.o)
 .bss           0x00000000        0x0 c:/program files (x86)/atollic/truestudio for stm32 9.3.0/armtools/bin/../lib/gcc/arm-atollic-eabi/6.3.1/../../../../arm-atollic-eabi/lib/armv6-m\libc_nano.a(lib_a-memset.o)
 .data          0x00000000        0x0 c:/program files (x86)/atollic/truestudio for stm32 9.3.0/armtools/bin/../lib/gcc/arm-atollic-eabi/6.3.1/armv6-m\libgcc.a(_udivsi3.o)
 .bss           0x00000000        0x0 c:/program files (x86)/atollic/truestudio for stm32 9.3.0/armtools/bin/../lib/gcc/arm-atollic-eabi/6.3.1/armv6-m\libgcc.a(_udivsi3.o)
 .data          0x00000000        0x0 c:/program files (x86)/atollic/truestudio for stm32 9.3.0/armtools/bin/../lib/gcc/arm-atollic-eabi/6.3.1/armv6-m\libgcc.a(_dvmd_tls.o)
 .bss           0x00000000        0x0 c:/program files (x86)/atollic/truestudio for stm32 9.3.0/armtools/bin/../lib/gcc/arm-atollic-eabi/6.3.1/armv6-m\libgcc.a(_dvmd_tls.o)
 .text          0x00000000        0x0 c:/program files (x86)/atollic/truestudio for stm32 9.3.0/armtools/bin/../lib/gcc/arm-atollic-eabi/6.3.1/armv6-m/crtend.o
 .data          0x00000000        0x0 c:/program files (x86)/atollic/truestudio for stm32 9.3.0/armtools/bin/../lib/gcc/arm-atollic-eabi/6.3.1/armv6-m/crtend.o
 .bss           0x00000000        0x0 c:/program files (x86)/atollic/truestudio for stm32 9.3.0/armtools/bin/../lib/gcc/arm-atollic-eabi/6.3.1/armv6-m/crtend.o
 .eh_frame      0x00000000        0x4 c:/program files (x86)/atollic/truestudio for stm32 9.3.0/armtools/bin/../lib/gcc/arm-atollic-eabi/6.3.1/armv6-m/crtend.o
 .ARM.attributes
                0x00000000       0x2c c:/program files (x86)/atollic/truestudio for stm32 9.3.0/armtools/bin/../lib/gcc/arm-atollic-eabi/6.3.1/armv6-m/crtend.o
 .text          0x00000000        0x0 c:/program files (x86)/atollic/truestudio for stm32 9.3.0/armtools/bin/../lib/gcc/arm-atollic-eabi/6.3.1/armv6-m/crtn.o
 .data          0x00000000        0x0 c:/program files (x86)/atollic/truestudio for stm32 9.3.0/armtools/bin/../lib/gcc/arm-atollic-eabi/6.3.1/armv6-m/crtn.o
 .bss           0x00000000        0x0 c:/program files (x86)/atollic/truestudio for stm32 9.3.0/armtools/bin/../lib/gcc/arm-atollic-eabi/6.3.1/armv6-m/crtn.o

Memory Configuration

Name             Origin             Length             Attributes
RAM              0x20000000         0x00002000         xrw
FLASH            0x08000000         0x00010000         xr
*default*        0x00000000         0xffffffff

Linker script and memory map

LOAD c:/program files (x86)/atollic/truestudio for stm32 9.3.0/armtools/bin/../lib/gcc/arm-atollic-eabi/6.3.1/armv6-m/crti.o
LOAD c:/program files (x86)/atollic/truestudio for stm32 9.3.0/armtools/bin/../lib/gcc/arm-atollic-eabi/6.3.1/armv6-m/crtbegin.o
LOAD Core\Src\main.o
LOAD Core\Src\stm32l0xx_it.o
LOAD Core\Src\syscalls.o
LOAD Core\Src\system_stm32l0xx.o
LOAD Drivers\STM32L0xx_HAL_Driver\Src\stm32l0xx_ll_dma.o
LOAD Drivers\STM32L0xx_HAL_Driver\Src\stm32l0xx_ll_exti.o
LOAD Drivers\STM32L0xx_HAL_Driver\Src\stm32l0xx_ll_gpio.o
LOAD Drivers\STM32L0xx_HAL_Driver\Src\stm32l0xx_ll_pwr.o
LOAD Drivers\STM32L0xx_HAL_Driver\Src\stm32l0xx_ll_rcc.o
LOAD Drivers\STM32L0xx_HAL_Driver\Src\stm32l0xx_ll_usart.o
LOAD Drivers\STM32L0xx_HAL_Driver\Src\stm32l0xx_ll_utils.o
LOAD startup\startup_stm32l053xx.o
                0x00000080                malloc_getpagesize_P = 0x80
START GROUP
LOAD c:/program files (x86)/atollic/truestudio for stm32 9.3.0/armtools/bin/../lib/gcc/arm-atollic-eabi/6.3.1/../../../../arm-atollic-eabi/lib/armv6-m\libc_nano.a
LOAD c:/program files (x86)/atollic/truestudio for stm32 9.3.0/armtools/bin/../lib/gcc/arm-atollic-eabi/6.3.1/../../../../arm-atollic-eabi/lib/armv6-m\libm.a
END GROUP
START GROUP
LOAD c:/program files (x86)/atollic/truestudio for stm32 9.3.0/armtools/bin/../lib/gcc/arm-atollic-eabi/6.3.1/armv6-m\libgcc.a
LOAD c:/program files (x86)/atollic/truestudio for stm32 9.3.0/armtools/bin/../lib/gcc/arm-atollic-eabi/6.3.1/../../../../arm-atollic-eabi/lib/armv6-m\libc_nano.a
END GROUP
START GROUP
LOAD c:/program files (x86)/atollic/truestudio for stm32 9.3.0/armtools/bin/../lib/gcc/arm-atollic-eabi/6.3.1/armv6-m\libgcc.a
LOAD c:/program files (x86)/atollic/truestudio for stm32 9.3.0/armtools/bin/../lib/gcc/arm-atollic-eabi/6.3.1/../../../../arm-atollic-eabi/lib/armv6-m\libc_nano.a
LOAD c:/program files (x86)/atollic/truestudio for stm32 9.3.0/armtools/bin/../lib/gcc/arm-atollic-eabi/6.3.1/../../../../arm-atollic-eabi/lib/armv6-m\libnosys.a
END GROUP
START GROUP
LOAD c:/program files (x86)/atollic/truestudio for stm32 9.3.0/armtools/bin/../lib/gcc/arm-atollic-eabi/6.3.1/armv6-m\libgcc.a
LOAD c:/program files (x86)/atollic/truestudio for stm32 9.3.0/armtools/bin/../lib/gcc/arm-atollic-eabi/6.3.1/../../../../arm-atollic-eabi/lib/armv6-m\libc_nano.a
LOAD c:/program files (x86)/atollic/truestudio for stm32 9.3.0/armtools/bin/../lib/gcc/arm-atollic-eabi/6.3.1/../../../../arm-atollic-eabi/lib/armv6-m\libnosys.a
END GROUP
LOAD c:/program files (x86)/atollic/truestudio for stm32 9.3.0/armtools/bin/../lib/gcc/arm-atollic-eabi/6.3.1/armv6-m/crtend.o
LOAD c:/program files (x86)/atollic/truestudio for stm32 9.3.0/armtools/bin/../lib/gcc/arm-atollic-eabi/6.3.1/armv6-m/crtn.o
                0x20002000                _estack = (ORIGIN (RAM) + LENGTH (RAM))
                0x00000200                _Min_Heap_Size = 0x200
                0x00000400                _Min_Stack_Size = 0x400

.isr_vector     0x08000000       0xc0
                0x08000000                . = ALIGN (0x4)
 *(.isr_vector)
 .isr_vector    0x08000000       0xc0 startup\startup_stm32l053xx.o
                0x08000000                g_pfnVectors
                0x080000c0                . = ALIGN (0x4)

.text           0x080000c0     0x1444
                0x080000c0                . = ALIGN (0x4)
 *(.text)
 .text          0x080000c0       0x48 c:/program files (x86)/atollic/truestudio for stm32 9.3.0/armtools/bin/../lib/gcc/arm-atollic-eabi/6.3.1/armv6-m/crtbegin.o
 .text          0x08000108      0x114 c:/program files (x86)/atollic/truestudio for stm32 9.3.0/armtools/bin/../lib/gcc/arm-atollic-eabi/6.3.1/armv6-m\libgcc.a(_udivsi3.o)
                0x08000108                __aeabi_uidiv
                0x08000108                __udivsi3
                0x08000214                __aeabi_uidivmod
 .text          0x0800021c        0x4 c:/program files (x86)/atollic/truestudio for stm32 9.3.0/armtools/bin/../lib/gcc/arm-atollic-eabi/6.3.1/armv6-m\libgcc.a(_dvmd_tls.o)
                0x0800021c                __aeabi_idiv0
                0x0800021c                __aeabi_ldiv0
 *(.text*)
 .text.__NVIC_SetPriority
                0x08000220       0xdc Core\Src\main.o
 .text.SysTick_Config
                0x080002fc       0x48 Core\Src\main.o
 .text.LL_RCC_HSI_Enable
                0x08000344       0x1c Core\Src\main.o
 .text.LL_RCC_HSI_IsReady
                0x08000360       0x20 Core\Src\main.o
 .text.LL_RCC_HSI_SetCalibTrimming
                0x08000380       0x2c Core\Src\main.o
 .text.LL_RCC_SetSysClkSource
                0x080003ac       0x28 Core\Src\main.o
 .text.LL_RCC_GetSysClkSource
                0x080003d4       0x18 Core\Src\main.o
 .text.LL_RCC_SetAHBPrescaler
                0x080003ec       0x28 Core\Src\main.o
 .text.LL_RCC_SetAPB1Prescaler
                0x08000414       0x28 Core\Src\main.o
 .text.LL_RCC_SetAPB2Prescaler
                0x0800043c       0x28 Core\Src\main.o
 .text.LL_RCC_SetUSARTClockSource
                0x08000464       0x2c Core\Src\main.o
 .text.LL_APB1_GRP1_EnableClock
                0x08000490       0x2c Core\Src\main.o
 .text.LL_APB2_GRP1_EnableClock
                0x080004bc       0x2c Core\Src\main.o
 .text.LL_IOP_GRP1_EnableClock
                0x080004e8       0x2c Core\Src\main.o
 .text.LL_SYSCFG_SetEXTISource
                0x08000514       0x4c Core\Src\main.o
 .text.LL_FLASH_SetLatency
                0x08000560       0x28 Core\Src\main.o
 .text.LL_FLASH_GetLatency
                0x08000588       0x18 Core\Src\main.o
 .text.LL_PWR_SetRegulVoltageScaling
                0x080005a0       0x28 Core\Src\main.o
 .text.LL_USART_Enable
                0x080005c8       0x1c Core\Src\main.o
 .text.LL_USART_ConfigAsyncMode
                0x080005e4       0x30 Core\Src\main.o
 .text.LL_GPIO_SetPinMode
                0x08000614       0x3a Core\Src\main.o
 .text.LL_GPIO_SetPinPull
                0x0800064e       0x3a Core\Src\main.o
 .text.LL_GPIO_ResetOutputPin
                0x08000688       0x18 Core\Src\main.o
 .text.setLedToggleTimer
                0x080006a0       0x20 Core\Src\main.o
                0x080006a0                setLedToggleTimer
 .text.main     0x080006c0       0x48 Core\Src\main.o
                0x080006c0                main
 .text.SystemClock_Config
                0x08000708       0x7c Core\Src\main.o
                0x08000708                SystemClock_Config
 .text.MX_USART2_UART_Init
                0x08000784       0xfc Core\Src\main.o
 .text.MX_GPIO_Init
                0x08000880       0xd0 Core\Src\main.o
 .text.LL_GPIO_TogglePin
                0x08000950       0x2e Core\Src\stm32l0xx_it.o
 .text.NMI_Handler
                0x0800097e        0x6 Core\Src\stm32l0xx_it.o
                0x0800097e                NMI_Handler
 .text.HardFault_Handler
                0x08000984        0x6 Core\Src\stm32l0xx_it.o
                0x08000984                HardFault_Handler
 .text.SVC_Handler
                0x0800098a        0xa Core\Src\stm32l0xx_it.o
                0x0800098a                SVC_Handler
 .text.PendSV_Handler
                0x08000994        0xa Core\Src\stm32l0xx_it.o
                0x08000994                PendSV_Handler
 *fill*         0x0800099e        0x2 
 .text.SysTick_Handler
                0x080009a0       0x3c Core\Src\stm32l0xx_it.o
                0x080009a0                SysTick_Handler
 .text.SystemInit
                0x080009dc        0xa Core\Src\system_stm32l0xx.o
                0x080009dc                SystemInit
 *fill*         0x080009e6        0x2 
 .text.LL_EXTI_EnableIT_0_31
                0x080009e8       0x20 Drivers\STM32L0xx_HAL_Driver\Src\stm32l0xx_ll_exti.o
 .text.LL_EXTI_DisableIT_0_31
                0x08000a08       0x24 Drivers\STM32L0xx_HAL_Driver\Src\stm32l0xx_ll_exti.o
 .text.LL_EXTI_EnableEvent_0_31
                0x08000a2c       0x20 Drivers\STM32L0xx_HAL_Driver\Src\stm32l0xx_ll_exti.o
 .text.LL_EXTI_DisableEvent_0_31
                0x08000a4c       0x24 Drivers\STM32L0xx_HAL_Driver\Src\stm32l0xx_ll_exti.o
 .text.LL_EXTI_EnableRisingTrig_0_31
                0x08000a70       0x20 Drivers\STM32L0xx_HAL_Driver\Src\stm32l0xx_ll_exti.o
 .text.LL_EXTI_DisableRisingTrig_0_31
                0x08000a90       0x24 Drivers\STM32L0xx_HAL_Driver\Src\stm32l0xx_ll_exti.o
 .text.LL_EXTI_EnableFallingTrig_0_31
                0x08000ab4       0x20 Drivers\STM32L0xx_HAL_Driver\Src\stm32l0xx_ll_exti.o
 .text.LL_EXTI_DisableFallingTrig_0_31
                0x08000ad4       0x24 Drivers\STM32L0xx_HAL_Driver\Src\stm32l0xx_ll_exti.o
 .text.LL_EXTI_Init
                0x08000af8      0x104 Drivers\STM32L0xx_HAL_Driver\Src\stm32l0xx_ll_exti.o
                0x08000af8                LL_EXTI_Init
 .text.LL_GPIO_SetPinMode
                0x08000bfc       0x3a Drivers\STM32L0xx_HAL_Driver\Src\stm32l0xx_ll_gpio.o
 .text.LL_GPIO_SetPinOutputType
                0x08000c36       0x2a Drivers\STM32L0xx_HAL_Driver\Src\stm32l0xx_ll_gpio.o
 .text.LL_GPIO_SetPinSpeed
                0x08000c60       0x3a Drivers\STM32L0xx_HAL_Driver\Src\stm32l0xx_ll_gpio.o
 .text.LL_GPIO_SetPinPull
                0x08000c9a       0x3a Drivers\STM32L0xx_HAL_Driver\Src\stm32l0xx_ll_gpio.o
 .text.LL_GPIO_SetAFPin_0_7
                0x08000cd4       0x4a Drivers\STM32L0xx_HAL_Driver\Src\stm32l0xx_ll_gpio.o
 .text.LL_GPIO_SetAFPin_8_15
                0x08000d1e       0x5a Drivers\STM32L0xx_HAL_Driver\Src\stm32l0xx_ll_gpio.o
 .text.LL_GPIO_Init
                0x08000d78       0xbc Drivers\STM32L0xx_HAL_Driver\Src\stm32l0xx_ll_gpio.o
                0x08000d78                LL_GPIO_Init
 .text.LL_RCC_HSI_IsReady
                0x08000e34       0x20 Drivers\STM32L0xx_HAL_Driver\Src\stm32l0xx_ll_rcc.o
 .text.LL_RCC_LSE_IsReady
                0x08000e54       0x28 Drivers\STM32L0xx_HAL_Driver\Src\stm32l0xx_ll_rcc.o
 .text.LL_RCC_MSI_GetRange
                0x08000e7c       0x18 Drivers\STM32L0xx_HAL_Driver\Src\stm32l0xx_ll_rcc.o
 .text.LL_RCC_GetSysClkSource
                0x08000e94       0x18 Drivers\STM32L0xx_HAL_Driver\Src\stm32l0xx_ll_rcc.o
 .text.LL_RCC_GetAHBPrescaler
                0x08000eac       0x18 Drivers\STM32L0xx_HAL_Driver\Src\stm32l0xx_ll_rcc.o
 .text.LL_RCC_GetAPB1Prescaler
                0x08000ec4       0x18 Drivers\STM32L0xx_HAL_Driver\Src\stm32l0xx_ll_rcc.o
 .text.LL_RCC_GetAPB2Prescaler
                0x08000edc       0x18 Drivers\STM32L0xx_HAL_Driver\Src\stm32l0xx_ll_rcc.o
 .text.LL_RCC_GetUSARTClockSource
                0x08000ef4       0x24 Drivers\STM32L0xx_HAL_Driver\Src\stm32l0xx_ll_rcc.o
 .text.LL_RCC_PLL_GetMainSource
                0x08000f18       0x18 Drivers\STM32L0xx_HAL_Driver\Src\stm32l0xx_ll_rcc.o
 .text.LL_RCC_PLL_GetMultiplicator
                0x08000f30       0x18 Drivers\STM32L0xx_HAL_Driver\Src\stm32l0xx_ll_rcc.o
 .text.LL_RCC_PLL_GetDivider
                0x08000f48       0x18 Drivers\STM32L0xx_HAL_Driver\Src\stm32l0xx_ll_rcc.o
 .text.LL_RCC_IsActiveFlag_HSIDIV
                0x08000f60       0x20 Drivers\STM32L0xx_HAL_Driver\Src\stm32l0xx_ll_rcc.o
 .text.LL_RCC_GetUSARTClockFreq
                0x08000f80      0x128 Drivers\STM32L0xx_HAL_Driver\Src\stm32l0xx_ll_rcc.o
                0x08000f80                LL_RCC_GetUSARTClockFreq
 .text.RCC_GetSystemClockFreq
                0x080010a8       0x88 Drivers\STM32L0xx_HAL_Driver\Src\stm32l0xx_ll_rcc.o
 .text.RCC_GetHCLKClockFreq
                0x08001130       0x2c Drivers\STM32L0xx_HAL_Driver\Src\stm32l0xx_ll_rcc.o
 .text.RCC_GetPCLK1ClockFreq
                0x0800115c       0x28 Drivers\STM32L0xx_HAL_Driver\Src\stm32l0xx_ll_rcc.o
 .text.RCC_GetPCLK2ClockFreq
                0x08001184       0x28 Drivers\STM32L0xx_HAL_Driver\Src\stm32l0xx_ll_rcc.o
 .text.RCC_PLL_GetFreqDomain_SYS
                0x080011ac       0x70 Drivers\STM32L0xx_HAL_Driver\Src\stm32l0xx_ll_rcc.o
 .text.LL_USART_IsEnabled
                0x0800121c       0x22 Drivers\STM32L0xx_HAL_Driver\Src\stm32l0xx_ll_usart.o
 *fill*         0x0800123e        0x2 
 .text.LL_USART_SetStopBitsLength
                0x08001240       0x28 Drivers\STM32L0xx_HAL_Driver\Src\stm32l0xx_ll_usart.o
 .text.LL_USART_SetHWFlowCtrl
                0x08001268       0x28 Drivers\STM32L0xx_HAL_Driver\Src\stm32l0xx_ll_usart.o
 .text.LL_USART_SetBaudRate
                0x08001290       0x78 Drivers\STM32L0xx_HAL_Driver\Src\stm32l0xx_ll_usart.o
 .text.LL_USART_Init
                0x08001308       0xc8 Drivers\STM32L0xx_HAL_Driver\Src\stm32l0xx_ll_usart.o
                0x08001308                LL_USART_Init
 .text.LL_InitTick
                0x080013d0       0x34 Drivers\STM32L0xx_HAL_Driver\Src\stm32l0xx_ll_utils.o
 .text.LL_Init1msTick
                0x08001404       0x1e Drivers\STM32L0xx_HAL_Driver\Src\stm32l0xx_ll_utils.o
                0x08001404                LL_Init1msTick
 *fill*         0x08001422        0x2 
 .text.LL_SetSystemCoreClock
                0x08001424       0x1c Drivers\STM32L0xx_HAL_Driver\Src\stm32l0xx_ll_utils.o
                0x08001424                LL_SetSystemCoreClock
 .text.Reset_Handler
                0x08001440       0x50 startup\startup_stm32l053xx.o
                0x08001440                Reset_Handler
 .text.Default_Handler
                0x08001490        0x2 startup\startup_stm32l053xx.o
                0x08001490                TSC_IRQHandler
                0x08001490                ADC1_COMP_IRQHandler
                0x08001490                PVD_IRQHandler
                0x08001490                I2C1_IRQHandler
                0x08001490                RCC_CRS_IRQHandler
                0x08001490                SPI1_IRQHandler
                0x08001490                TIM6_DAC_IRQHandler
                0x08001490                EXTI2_3_IRQHandler
                0x08001490                I2C2_IRQHandler
                0x08001490                RTC_IRQHandler
                0x08001490                LCD_IRQHandler
                0x08001490                DMA1_Channel4_5_6_7_IRQHandler
                0x08001490                EXTI4_15_IRQHandler
                0x08001490                DMA1_Channel1_IRQHandler
                0x08001490                Default_Handler
                0x08001490                TIM22_IRQHandler
                0x08001490                EXTI0_1_IRQHandler
                0x08001490                USB_IRQHandler
                0x08001490                SPI2_IRQHandler
                0x08001490                TIM21_IRQHandler
                0x08001490                WWDG_IRQHandler
                0x08001490                TIM2_IRQHandler
                0x08001490                DMA1_Channel2_3_IRQHandler
                0x08001490                USART2_IRQHandler
                0x08001490                FLASH_IRQHandler
                0x08001490                USART1_IRQHandler
                0x08001490                RNG_LPUART1_IRQHandler
                0x08001490                LPTIM1_IRQHandler
 *fill*         0x08001492        0x2 
 .text.__libc_init_array
                0x08001494       0x48 c:/program files (x86)/atollic/truestudio for stm32 9.3.0/armtools/bin/../lib/gcc/arm-atollic-eabi/6.3.1/../../../../arm-atollic-eabi/lib/armv6-m\libc_nano.a(lib_a-init.o)
                0x08001494                __libc_init_array
 .text.memset   0x080014dc       0x10 c:/program files (x86)/atollic/truestudio for stm32 9.3.0/armtools/bin/../lib/gcc/arm-atollic-eabi/6.3.1/../../../../arm-atollic-eabi/lib/armv6-m\libc_nano.a(lib_a-memset.o)
                0x080014dc                memset
 *(.glue_7)
 .glue_7        0x080014ec        0x0 linker stubs
 *(.glue_7t)
 .glue_7t       0x080014ec        0x0 linker stubs
 *(.eh_frame)
 .eh_frame      0x080014ec        0x0 c:/program files (x86)/atollic/truestudio for stm32 9.3.0/armtools/bin/../lib/gcc/arm-atollic-eabi/6.3.1/armv6-m/crtbegin.o
 *(.init)
 .init          0x080014ec        0x4 c:/program files (x86)/atollic/truestudio for stm32 9.3.0/armtools/bin/../lib/gcc/arm-atollic-eabi/6.3.1/armv6-m/crti.o
                0x080014ec                _init
 .init          0x080014f0        0x8 c:/program files (x86)/atollic/truestudio for stm32 9.3.0/armtools/bin/../lib/gcc/arm-atollic-eabi/6.3.1/armv6-m/crtn.o
 *(.fini)
 .fini          0x080014f8        0x4 c:/program files (x86)/atollic/truestudio for stm32 9.3.0/armtools/bin/../lib/gcc/arm-atollic-eabi/6.3.1/armv6-m/crti.o
                0x080014f8                _fini
 .fini          0x080014fc        0x8 c:/program files (x86)/atollic/truestudio for stm32 9.3.0/armtools/bin/../lib/gcc/arm-atollic-eabi/6.3.1/armv6-m/crtn.o
                0x08001504                . = ALIGN (0x4)
                0x08001504                _etext = .

.vfp11_veneer   0x08001504        0x0
 .vfp11_veneer  0x08001504        0x0 linker stubs

.v4_bx          0x08001504        0x0
 .v4_bx         0x08001504        0x0 linker stubs

.iplt           0x08001504        0x0
 .iplt          0x08001504        0x0 c:/program files (x86)/atollic/truestudio for stm32 9.3.0/armtools/bin/../lib/gcc/arm-atollic-eabi/6.3.1/armv6-m/crtbegin.o

.rodata         0x08001504       0x24
                0x08001504                . = ALIGN (0x4)
 *(.rodata)
 *(.rodata*)
 .rodata.AHBPrescTable
                0x08001504       0x10 Core\Src\system_stm32l0xx.o
                0x08001504                AHBPrescTable
 .rodata.APBPrescTable
                0x08001514        0x8 Core\Src\system_stm32l0xx.o
                0x08001514                APBPrescTable
 .rodata.PLLMulTable
                0x0800151c        0x9 Core\Src\system_stm32l0xx.o
                0x0800151c                PLLMulTable
                0x08001528                . = ALIGN (0x4)
 *fill*         0x08001525        0x3 

.rel.dyn        0x08001528        0x0
 .rel.iplt      0x08001528        0x0 c:/program files (x86)/atollic/truestudio for stm32 9.3.0/armtools/bin/../lib/gcc/arm-atollic-eabi/6.3.1/armv6-m/crtbegin.o

.ARM.extab
 *(.ARM.extab* .gnu.linkonce.armextab.*)

.ARM            0x08001528        0x0
                0x08001528                __exidx_start = .
 *(.ARM.exidx*)
                0x08001528                __exidx_end = .

.preinit_array  0x08001528        0x0
                0x08001528                PROVIDE (__preinit_array_start, .)
 *(.preinit_array*)
                0x08001528                PROVIDE (__preinit_array_end, .)

.init_array     0x08001528        0x4
                0x08001528                PROVIDE (__init_array_start, .)
 *(SORT(.init_array.*))
 *(.init_array*)
 .init_array    0x08001528        0x4 c:/program files (x86)/atollic/truestudio for stm32 9.3.0/armtools/bin/../lib/gcc/arm-atollic-eabi/6.3.1/armv6-m/crtbegin.o
                0x0800152c                PROVIDE (__init_array_end, .)

.fini_array     0x0800152c        0x4
                [!provide]                PROVIDE (__fini_array_start, .)
 *(SORT(.fini_array.*))
 *(.fini_array*)
 .fini_array    0x0800152c        0x4 c:/program files (x86)/atollic/truestudio for stm32 9.3.0/armtools/bin/../lib/gcc/arm-atollic-eabi/6.3.1/armv6-m/crtbegin.o
                [!provide]                PROVIDE (__fini_array_end, .)
                0x08001530                _sidata = LOADADDR (.data)

.data           0x20000000        0x4 load address 0x08001530
                0x20000000                . = ALIGN (0x4)
                0x20000000                _sdata = .
 *(.data)
 *(.data*)
 .data.SystemCoreClock
                0x20000000        0x4 Core\Src\system_stm32l0xx.o
                0x20000000                SystemCoreClock
                0x20000004                . = ALIGN (0x4)
                0x20000004                _edata = .

.igot.plt       0x20000004        0x0 load address 0x08001534
 .igot.plt      0x20000004        0x0 c:/program files (x86)/atollic/truestudio for stm32 9.3.0/armtools/bin/../lib/gcc/arm-atollic-eabi/6.3.1/armv6-m/crtbegin.o
                0x20000004                . = ALIGN (0x4)

.bss            0x20000004       0x24 load address 0x08001534
                0x20000004                _sbss = .
                0x20000004                __bss_start__ = _sbss
 *(.bss)
 .bss           0x20000004       0x1c c:/program files (x86)/atollic/truestudio for stm32 9.3.0/armtools/bin/../lib/gcc/arm-atollic-eabi/6.3.1/armv6-m/crtbegin.o
 *(.bss*)
 .bss.usTimeMyTime
                0x20000020        0x2 Core\Src\main.o
                0x20000020                usTimeMyTime
 *fill*         0x20000022        0x2 
 .bss.counter.7173
                0x20000024        0x4 Core\Src\stm32l0xx_it.o
 *(COMMON)
                0x20000028                . = ALIGN (0x4)
                0x20000028                _ebss = .
                0x20000028                __bss_end__ = _ebss

._user_heap_stack
                0x20000028      0x600 load address 0x08001534
                0x20000028                . = ALIGN (0x4)
                0x20000028                PROVIDE (end, .)
                [!provide]                PROVIDE (_end, .)
                0x20000228                . = (. + _Min_Heap_Size)
 *fill*         0x20000028      0x200 
                0x20000628                . = (. + _Min_Stack_Size)
 *fill*         0x20000228      0x400 
                0x20000628                . = ALIGN (0x4)

/DISCARD/
 libc.a(*)
 libm.a(*)
 libgcc.a(*)

.ARM.attributes
                0x00000000       0x28
 *(.ARM.attributes)
 .ARM.attributes
                0x00000000       0x1e c:/program files (x86)/atollic/truestudio for stm32 9.3.0/armtools/bin/../lib/gcc/arm-atollic-eabi/6.3.1/armv6-m/crti.o
 .ARM.attributes
                0x0000001e       0x2c c:/program files (x86)/atollic/truestudio for stm32 9.3.0/armtools/bin/../lib/gcc/arm-atollic-eabi/6.3.1/armv6-m/crtbegin.o
 .ARM.attributes
                0x0000004a       0x32 Core\Src\main.o
 .ARM.attributes
                0x0000007c       0x32 Core\Src\stm32l0xx_it.o
 .ARM.attributes
                0x000000ae       0x32 Core\Src\system_stm32l0xx.o
 .ARM.attributes
                0x000000e0       0x32 Drivers\STM32L0xx_HAL_Driver\Src\stm32l0xx_ll_exti.o
 .ARM.attributes
                0x00000112       0x32 Drivers\STM32L0xx_HAL_Driver\Src\stm32l0xx_ll_gpio.o
 .ARM.attributes
                0x00000144       0x32 Drivers\STM32L0xx_HAL_Driver\Src\stm32l0xx_ll_rcc.o
 .ARM.attributes
                0x00000176       0x32 Drivers\STM32L0xx_HAL_Driver\Src\stm32l0xx_ll_usart.o
 .ARM.attributes
                0x000001a8       0x32 Drivers\STM32L0xx_HAL_Driver\Src\stm32l0xx_ll_utils.o
 .ARM.attributes
                0x000001da       0x22 startup\startup_stm32l053xx.o
 .ARM.attributes
                0x000001fc       0x2c c:/program files (x86)/atollic/truestudio for stm32 9.3.0/armtools/bin/../lib/gcc/arm-atollic-eabi/6.3.1/../../../../arm-atollic-eabi/lib/armv6-m\libc_nano.a(lib_a-init.o)
 .ARM.attributes
                0x00000228       0x2c c:/program files (x86)/atollic/truestudio for stm32 9.3.0/armtools/bin/../lib/gcc/arm-atollic-eabi/6.3.1/../../../../arm-atollic-eabi/lib/armv6-m\libc_nano.a(lib_a-memset.o)
 .ARM.attributes
                0x00000254       0x1e c:/program files (x86)/atollic/truestudio for stm32 9.3.0/armtools/bin/../lib/gcc/arm-atollic-eabi/6.3.1/armv6-m\libgcc.a(_udivsi3.o)
 .ARM.attributes
                0x00000272       0x1e c:/program files (x86)/atollic/truestudio for stm32 9.3.0/armtools/bin/../lib/gcc/arm-atollic-eabi/6.3.1/armv6-m\libgcc.a(_dvmd_tls.o)
 .ARM.attributes
                0x00000290       0x1e c:/program files (x86)/atollic/truestudio for stm32 9.3.0/armtools/bin/../lib/gcc/arm-atollic-eabi/6.3.1/armv6-m/crtn.o
OUTPUT(LED_Blink_with_SystickFunctions.elf elf32-littlearm)

.debug_info     0x00000000     0x340f
 .debug_info    0x00000000      0xd93 Core\Src\main.o
 .debug_info    0x00000d93      0x2bd Core\Src\stm32l0xx_it.o
 .debug_info    0x00001050      0x2db Core\Src\system_stm32l0xx.o
 .debug_info    0x0000132b      0x39e Drivers\STM32L0xx_HAL_Driver\Src\stm32l0xx_ll_exti.o
 .debug_info    0x000016c9      0x5ff Drivers\STM32L0xx_HAL_Driver\Src\stm32l0xx_ll_gpio.o
 .debug_info    0x00001cc8      0x7b3 Drivers\STM32L0xx_HAL_Driver\Src\stm32l0xx_ll_rcc.o
 .debug_info    0x0000247b      0x6b2 Drivers\STM32L0xx_HAL_Driver\Src\stm32l0xx_ll_usart.o
 .debug_info    0x00002b2d      0x857 Drivers\STM32L0xx_HAL_Driver\Src\stm32l0xx_ll_utils.o
 .debug_info    0x00003384       0x8b startup\startup_stm32l053xx.o

.debug_abbrev   0x00000000      0xd52
 .debug_abbrev  0x00000000      0x278 Core\Src\main.o
 .debug_abbrev  0x00000278      0x120 Core\Src\stm32l0xx_it.o
 .debug_abbrev  0x00000398       0xfd Core\Src\system_stm32l0xx.o
 .debug_abbrev  0x00000495      0x17b Drivers\STM32L0xx_HAL_Driver\Src\stm32l0xx_ll_exti.o
 .debug_abbrev  0x00000610      0x18c Drivers\STM32L0xx_HAL_Driver\Src\stm32l0xx_ll_gpio.o
 .debug_abbrev  0x0000079c      0x1e5 Drivers\STM32L0xx_HAL_Driver\Src\stm32l0xx_ll_rcc.o
 .debug_abbrev  0x00000981      0x1b3 Drivers\STM32L0xx_HAL_Driver\Src\stm32l0xx_ll_usart.o
 .debug_abbrev  0x00000b34      0x20c Drivers\STM32L0xx_HAL_Driver\Src\stm32l0xx_ll_utils.o
 .debug_abbrev  0x00000d40       0x12 startup\startup_stm32l053xx.o

.debug_aranges  0x00000000      0x538
 .debug_aranges
                0x00000000      0x100 Core\Src\main.o
 .debug_aranges
                0x00000100       0x48 Core\Src\stm32l0xx_it.o
 .debug_aranges
                0x00000148       0x28 Core\Src\system_stm32l0xx.o
 .debug_aranges
                0x00000170       0x70 Drivers\STM32L0xx_HAL_Driver\Src\stm32l0xx_ll_exti.o
 .debug_aranges
                0x000001e0       0x70 Drivers\STM32L0xx_HAL_Driver\Src\stm32l0xx_ll_gpio.o
 .debug_aranges
                0x00000250      0x148 Drivers\STM32L0xx_HAL_Driver\Src\stm32l0xx_ll_rcc.o
 .debug_aranges
                0x00000398       0x88 Drivers\STM32L0xx_HAL_Driver\Src\stm32l0xx_ll_usart.o
 .debug_aranges
                0x00000420       0xf0 Drivers\STM32L0xx_HAL_Driver\Src\stm32l0xx_ll_utils.o
 .debug_aranges
                0x00000510       0x28 startup\startup_stm32l053xx.o

.debug_ranges   0x00000000      0x4b0
 .debug_ranges  0x00000000       0xf0 Core\Src\main.o
 .debug_ranges  0x000000f0       0x38 Core\Src\stm32l0xx_it.o
 .debug_ranges  0x00000128       0x18 Core\Src\system_stm32l0xx.o
 .debug_ranges  0x00000140       0x60 Drivers\STM32L0xx_HAL_Driver\Src\stm32l0xx_ll_exti.o
 .debug_ranges  0x000001a0       0x60 Drivers\STM32L0xx_HAL_Driver\Src\stm32l0xx_ll_gpio.o
 .debug_ranges  0x00000200      0x138 Drivers\STM32L0xx_HAL_Driver\Src\stm32l0xx_ll_rcc.o
 .debug_ranges  0x00000338       0x78 Drivers\STM32L0xx_HAL_Driver\Src\stm32l0xx_ll_usart.o
 .debug_ranges  0x000003b0       0xe0 Drivers\STM32L0xx_HAL_Driver\Src\stm32l0xx_ll_utils.o
 .debug_ranges  0x00000490       0x20 startup\startup_stm32l053xx.o

.debug_line     0x00000000     0x1db8
 .debug_line    0x00000000      0x560 Core\Src\main.o
 .debug_line    0x00000560      0x243 Core\Src\stm32l0xx_it.o
 .debug_line    0x000007a3      0x1ba Core\Src\system_stm32l0xx.o
 .debug_line    0x0000095d      0x2d0 Drivers\STM32L0xx_HAL_Driver\Src\stm32l0xx_ll_exti.o
 .debug_line    0x00000c2d      0x2fc Drivers\STM32L0xx_HAL_Driver\Src\stm32l0xx_ll_gpio.o
 .debug_line    0x00000f29      0x5bc Drivers\STM32L0xx_HAL_Driver\Src\stm32l0xx_ll_rcc.o
 .debug_line    0x000014e5      0x34e Drivers\STM32L0xx_HAL_Driver\Src\stm32l0xx_ll_usart.o
 .debug_line    0x00001833      0x503 Drivers\STM32L0xx_HAL_Driver\Src\stm32l0xx_ll_utils.o
 .debug_line    0x00001d36       0x82 startup\startup_stm32l053xx.o

.debug_str      0x00000000     0x1582
 .debug_str     0x00000000      0x91c Core\Src\main.o
                                0x9d8 (size before relaxing)
 .debug_str     0x0000091c       0x7e Core\Src\stm32l0xx_it.o
                                0x2c7 (size before relaxing)
 .debug_str     0x0000099a       0x61 Core\Src\system_stm32l0xx.o
                                0x2ce (size before relaxing)
 .debug_str     0x000009fb      0x18a Drivers\STM32L0xx_HAL_Driver\Src\stm32l0xx_ll_exti.o
                                0x3c5 (size before relaxing)
 .debug_str     0x00000b85      0x101 Drivers\STM32L0xx_HAL_Driver\Src\stm32l0xx_ll_gpio.o
                                0x446 (size before relaxing)
 .debug_str     0x00000c86      0x470 Drivers\STM32L0xx_HAL_Driver\Src\stm32l0xx_ll_rcc.o
                                0x771 (size before relaxing)
 .debug_str     0x000010f6      0x1fc Drivers\STM32L0xx_HAL_Driver\Src\stm32l0xx_ll_usart.o
                                0x541 (size before relaxing)
 .debug_str     0x000012f2      0x290 Drivers\STM32L0xx_HAL_Driver\Src\stm32l0xx_ll_utils.o
                                0x6b2 (size before relaxing)

.comment        0x00000000       0x7c
 .comment       0x00000000       0x7c Core\Src\main.o
                                 0x7d (size before relaxing)
 .comment       0x0000007c       0x7d Core\Src\stm32l0xx_it.o
 .comment       0x0000007c       0x7d Core\Src\system_stm32l0xx.o
 .comment       0x0000007c       0x7d Drivers\STM32L0xx_HAL_Driver\Src\stm32l0xx_ll_exti.o
 .comment       0x0000007c       0x7d Drivers\STM32L0xx_HAL_Driver\Src\stm32l0xx_ll_gpio.o
 .comment       0x0000007c       0x7d Drivers\STM32L0xx_HAL_Driver\Src\stm32l0xx_ll_rcc.o
 .comment       0x0000007c       0x7d Drivers\STM32L0xx_HAL_Driver\Src\stm32l0xx_ll_usart.o
 .comment       0x0000007c       0x7d Drivers\STM32L0xx_HAL_Driver\Src\stm32l0xx_ll_utils.o

.debug_frame    0x00000000     0x1184
 .debug_frame   0x00000000      0x398 Core\Src\main.o
 .debug_frame   0x00000398       0xbc Core\Src\stm32l0xx_it.o
 .debug_frame   0x00000454       0x4c Core\Src\system_stm32l0xx.o
 .debug_frame   0x000004a0      0x16c Drivers\STM32L0xx_HAL_Driver\Src\stm32l0xx_ll_exti.o
 .debug_frame   0x0000060c      0x170 Drivers\STM32L0xx_HAL_Driver\Src\stm32l0xx_ll_gpio.o
 .debug_frame   0x0000077c      0x488 Drivers\STM32L0xx_HAL_Driver\Src\stm32l0xx_ll_rcc.o
 .debug_frame   0x00000c04      0x1d0 Drivers\STM32L0xx_HAL_Driver\Src\stm32l0xx_ll_usart.o
 .debug_frame   0x00000dd4      0x344 Drivers\STM32L0xx_HAL_Driver\Src\stm32l0xx_ll_utils.o
 .debug_frame   0x00001118       0x2c c:/program files (x86)/atollic/truestudio for stm32 9.3.0/armtools/bin/../lib/gcc/arm-atollic-eabi/6.3.1/../../../../arm-atollic-eabi/lib/armv6-m\libc_nano.a(lib_a-init.o)
 .debug_frame   0x00001144       0x20 c:/program files (x86)/atollic/truestudio for stm32 9.3.0/armtools/bin/../lib/gcc/arm-atollic-eabi/6.3.1/../../../../arm-atollic-eabi/lib/armv6-m\libc_nano.a(lib_a-memset.o)
 .debug_frame   0x00001164       0x20 c:/program files (x86)/atollic/truestudio for stm32 9.3.0/armtools/bin/../lib/gcc/arm-atollic-eabi/6.3.1/armv6-m\libgcc.a(_udivsi3.o)
